module-selection:
    modules:
        bar/pom.xml

test-selection:
    tests:
        a.b.c.bar.FooBarTest

    modules:
        bar/pom.xml