module-selection:
    modules:

test-selection:
    tests:
        a.b.c.foobar.FileOpenTest

    modules:
        baz/foobar/pom.xml